
> anohub-hpp-risk-excellence-platform@1.0.0 build C:\Users\Home\OneDrive\getting started\Documents\GitHub\anohubsapp
> npm run build:verify && npm run i18n:sync && npm run test && tsc && vite build

node.exe : npm warn 
Unknown env config 
"npm-globalconfig". 
This will stop 
working in the next 
major version of npm.
At C:\Users\Home\AppDa
ta\Roaming\npm\pnpm.ps
1:24 char:5
+     & "node$exe"  "$
basedir/node_modules/p
npm/bin/pnpm.cjs" 
$args
+     ~~~~~~~~~~~~~~~~
~~~~~~~~~~~~~~~~~~~~~~
~~~~~~~~~~~~~~~~~~~~~~
~
    + CategoryInfo    
          : NotSpeci  
  fied: (npm warn U   
 nknow...version o    
f npm.:String) []    
, RemoteException
    + FullyQualifiedE 
   rrorId : NativeCo  
  mmandError
 
npm warn Unknown env 
config "verify-deps-be
fore-run". This will 
stop working in the 
next major version of 
npm.
npm warn Unknown env 
config 
"_jsr-registry". This 
will stop working in 
the next major 
version of npm.

> anohub-hpp-risk-excellence-platform@1.0.0 build:verify
> npx tsx scripts/verify_env.ts

npm warn Unknown env 
config 
"npm-globalconfig". 
This will stop 
working in the next 
major version of npm.
npm warn Unknown env 
config "verify-deps-be
fore-run". This will 
stop working in the 
next major version of 
npm.
npm warn Unknown env 
config 
"_jsr-registry". This 
will stop working in 
the next major 
version of npm.
------------------------------------------
BUILD CLEANLINESS CHECK: NC-4.2 PROTOCOL
------------------------------------------
SUCCESS: All critical environment variables verified.
------------------------------------------

npm warn Unknown env 
config 
"npm-globalconfig". 
This will stop 
working in the next 
major version of npm.
npm warn Unknown env 
config "verify-deps-be
fore-run". This will 
stop working in the 
next major version of 
npm.
npm warn Unknown env 
config 
"_jsr-registry". This 
will stop working in 
the next major 
version of npm.

> anohub-hpp-risk-excellence-platform@1.0.0 i18n:sync
> node -e "const fs=require('fs'); try { fs.copyFileSync('src/i18n/locales/en.json', 'src/i18n/en.json'); fs.copyFileSync('src/i18n/locales/bs.json', 'src/i18n/bs.json'); console.log('i18n synced'); } catch(e) { console.error(e); process.exit(1); }"

i18n synced
npm warn Unknown env 
config 
"npm-globalconfig". 
This will stop 
working in the next 
major version of npm.
npm warn Unknown env 
config "verify-deps-be
fore-run". This will 
stop working in the 
next major version of 
npm.
npm warn Unknown env 
config 
"_jsr-registry". This 
will stop working in 
the next major 
version of npm.

> anohub-hpp-risk-excellence-platform@1.0.0 test
> vitest run

[33m[7m[33m Vitest 
[33m[27m 
"deps.inline" is 
deprecated. If you 
rely on vite-node 
directly, use 
"server.deps.inline" 
instead. Otherwise, 
consider using "deps.o
ptimizer.web.include"
[39m

[7m[1m[36m RUN [39m[22m[27m [36mv1.6.1[39m [90mC:/Users/Home/OneDrive/getting started/Documents/GitHub/anohubsapp[39m

 [32mÔ£ô[39m src/features/physics-core/__tests__/PhysicsCalculations.test.ts [2m ([22m[2m7 tests[22m[2m)[22m[90m 2[2mms[22m[39m
 [32mÔ£ô[39m src/components/dashboard/__tests__/QuickCalcSidebar.test.tsx [2m ([22m[2m4 tests[22m[2m)[22m[90m 89[2mms[22m[39m
 [32mÔ£ô[39m src/services/__tests__/GridNegotiator.test.ts [2m ([22m[2m3 tests[22m[2m)[22m[90m 5[2mms[22m[39m
[90mstderr[2m | src/
__tests__/dossier_audi
t.test.ts[2m > 
[22m[2mDossier 
archive integrity 
(spot checks)[2m > 
[22m[2mevery 
manifest entry 
exists, contains 
recorded SHA-256, and 
has an efficiency 
token[22m[39m
Warning: No 
efficiency token 
found in docs/archive/
case_studies/cs-compli
ance-shield/index_3.ht
ml (looked for ╬À, 
\eta, or 'efficiency')
Warning: No 
efficiency token 
found in docs/archive/
case_studies/cs-compli
ance-shield/index_4.ht
ml (looked for ╬À, 
\eta, or 'efficiency')
Warning: No 
efficiency token 
found in docs/archive/
case_studies/cs-compli
ance-shield/index_5.ht
ml (looked for ╬À, 
\eta, or 'efficiency')
Warning: No 
efficiency token 
found in docs/archive/
case_studies/cs-compli
ance-shield/index_6.ht
ml (looked for ╬À, 
\eta, or 'efficiency')
Warning: No 
efficiency token 
found in docs/archive/
case_studies/cs-compli
ance-shield/index_7.ht
ml (looked for ╬À, 
\eta, or 'efficiency')
Warning: No 
efficiency token 
found in docs/archive/
case_studies/cs-compli
ance-shield/index_8.ht
ml (looked for ╬À, 
\eta, or 'efficiency')

 [32mÔ£ô[39m src/__tests__/dossier_audit.test.ts [2m ([22m[2m1 test[22m[2m)[22m[90m 9[2mms[22m[39m
[90mstdout[2m | src\services\supabaseClient.ts:62:17[22m[39m
[SupabaseClient] Ô£à Client created successfully

 [32mÔ£ô[39m src/components/dashboard/__tests__/HeritageSearchWidget.test.tsx [2m ([22m[2m6 tests[22m[2m)[22m[90m 82[2mms[22m[39m
[90mstdout[2m | src\i18n\index.ts:7:9[22m[39m
[i18n] ­ƒöº Starting bulletproof initialization...

[90mstdout[2m | src\i18n\index.ts:35:15[22m[39m
[i18n] Ôä╣´©Å  No saved language, using default: en

[90mstdout[2m | src\i18n\index.ts:48:9[22m[39m
[i18n] ­ƒÜÇ Initializing i18next with language: en

[90mstdout[2m | src\i18n\index.ts:80:11[22m[39m
[i18n] Ô£àÔ£àÔ£à i18next initialized successfully

[90mstdout[2m | src\i18n\index.ts:109:9[22m[39m
[i18n] Ô£à Module export ready

 [32mÔ£ô[39m src/__tests__/maturity-audit.test.ts [2m ([22m[2m3 tests[22m[2m)[22m[90m 3[2mms[22m[39m
 [32mÔ£ô[39m src/__tests__/solution-architect.test.ts [2m ([22m[2m3 tests[22m[2m)[22m[90m 4[2mms[22m[39m
 [32mÔ£ô[39m src/features/business/logic/__tests__/FinancialCalculator.test.ts [2m ([22m[2m4 tests[22m[2m)[22m[90m 3[2mms[22m[39m
[90mstdout[2m | src\services\supabaseClient.ts:62:17[22m[39m
[SupabaseClient] Ô£à Client created successfully

 [32mÔ£ô[39m src/services/__tests__/FinancialImpactEngine.test.ts [2m ([22m[2m2 tests[22m[2m)[22m[90m 2[2mms[22m[39m
 [32mÔ£ô[39m src/__tests__/physics-engine-audit.test.ts [2m ([22m[2m2 tests[22m[2m)[22m[90m 5[2mms[22m[39m
 [32mÔ£ô[39m src/__tests__/expert-thresholds.test.ts [2m ([22m[2m4 tests[22m[2m)[22m[90m 3[2mms[22m[39m
 [32mÔ£ô[39m src/__tests__/expert-inference.test.ts [2m ([22m[2m4 tests[22m[2m)[22m[90m 9[2mms[22m[39m
[90mstdout[2m | src\services\supabaseClient.ts:62:17[22m[39m
[SupabaseClient] Ô£à Client created successfully

[90mstdout[2m | src/services/__tests__/FleetOptimizer.test.ts[2m > [22m[2mFleet Alert SHA-256 Verification[2m > [22m[2mshould log Load Shedding with unified SHA-256 hash in AlertJournal[22m[39m
[i18n] ­ƒöº Starting bulletproof initialization...
[i18n] Ôä╣´©Å  No saved language, using default: en
[i18n] ­ƒÜÇ Initializing i18next with language: en
[i18n] Ô£àÔ£àÔ£à i18next initialized successfully
[i18n] Ô£à Module export ready

[90mstdout[2m | src/__tests__/turbine-math.test.ts[2m > [22m[2mTurbine Engineering Math Precision Audit[2m > [22m[2mshould validate Francis Turbine (150m, 30m┬│/s) with extreme precision[22m[39m
[DEBUG] Francis: Actual=40.6, Expected=40.6, Diff=0

 [32mÔ£ô[39m src/components/dashboard/__tests__/WorkOrderSummary.test.tsx [2m ([22m[2m5 tests[22m[2m)[22m[90m 139[2mms[22m[39m
 [32mÔ£ô[39m src/__tests__/turbine-math.test.ts [2m ([22m[2m3 tests[22m[2m)[22m[90m 6[2mms[22m[39m
[90mstdout[2m | src/services/__tests__/FleetOptimizer.test.ts[2m > [22m[2mFleet Alert SHA-256 Verification[2m > [22m[2mshould log Load Shedding with unified SHA-256 hash in AlertJournal[22m[39m
[SupabaseClient] Ô£à Client created successfully

 [32mÔ£ô[39m src/components/dashboard/__tests__/SyncBadge.test.tsx [2m ([22m[2m6 tests[22m[2m)[22m[90m 58[2mms[22m[39m
[90mstdout[2m | src\services\supabaseClient.ts:62:17[22m[39m
[SupabaseClient] Ô£à Client created successfully

[90mstdout[2m | src\services\supabaseClient.ts:62:17[22m[39m
[SupabaseClient] Ô£à Client created successfully

 [32mÔ£ô[39m src/services/__tests__/AIPredictionService.test.ts [2m ([22m[2m3 tests[22m[2m)[22m[90m 4[2mms[22m[39m
[90mstdout[2m | src\services\supabaseClient.ts:62:17[22m[39m
[SupabaseClient] Ô£à Client created successfully

[90mstdout[2m | src\i18n\index.ts:7:9[22m[39m
[i18n] ­ƒöº Starting bulletproof initialization...

[90mstdout[2m | src\i18n\index.ts:35:15[22m[39m
[i18n] Ôä╣´©Å  No saved language, using default: en

[90mstdout[2m | src\i18n\index.ts:48:9[22m[39m
[i18n] ­ƒÜÇ Initializing i18next with language: en

[90mstdout[2m | src\i18n\index.ts:80:11[22m[39m
[i18n] Ô£àÔ£àÔ£à i18next initialized successfully

[90mstdout[2m | src\i18n\index.ts:109:9[22m[39m
[i18n] Ô£à Module export ready

[90mstdout[2m | src\i18n\index.ts:7:9[22m[39m
[i18n] ­ƒöº Starting bulletproof initialization...

[90mstdout[2m | src\i18n\index.ts:35:15[22m[39m
[i18n] Ôä╣´©Å  No saved language, using default: en

[90mstdout[2m | src\i18n\index.ts:48:9[22m[39m
[i18n] ­ƒÜÇ Initializing i18next with language: en

[90mstdout[2m | src\i18n\index.ts:80:11[22m[39m
[i18n] Ô£àÔ£àÔ£à i18next initialized successfully

[90mstdout[2m | src\i18n\index.ts:109:9[22m[39m
[i18n] Ô£à Module export ready

[90mstdout[2m | src\services\supabaseClient.ts:62:17[22m[39m
[SupabaseClient] Ô£à Client created successfully

[90mstdout[2m | src\i18n\index.ts:7:9[22m[39m
[i18n] ­ƒöº Starting bulletproof initialization...

[90mstdout[2m | src\i18n\index.ts:35:15[22m[39m
[i18n] Ôä╣´©Å  No saved language, using default: en

[90mstdout[2m | src\i18n\index.ts:48:9[22m[39m
[i18n] ­ƒÜÇ Initializing i18next with language: en

[90mstdout[2m | src\i18n\index.ts:80:11[22m[39m
[i18n] Ô£àÔ£àÔ£à i18next initialized successfully

[90mstdout[2m | src\i18n\index.ts:109:9[22m[39m
[i18n] Ô£à Module export ready

 [32mÔ£ô[39m src/components/forensics/__tests__/ForensicDashboard.test.tsx [2m ([22m[2m2 tests[22m[2m)[22m[90m 101[2mms[22m[39m
 [32mÔ£ô[39m src/__tests__/infrastructure_genesis.test.ts [2m ([22m[2m4 tests[22m[2m)[22m[90m 3[2mms[22m[39m
 [32mÔ£ô[39m src/features/maintenance/logic/__tests__/Predictor.test.ts [2m ([22m[2m3 tests[22m[2m)[22m[90m 3[2mms[22m[39m
[90mstdout[2m | src\services\supabaseClient.ts:62:17[22m[39m
[SupabaseClient] Ô£à Client created successfully

 [32mÔ£ô[39m src/contexts/__tests__/ProjectStateContext.test.ts [2m ([22m[2m1 test[22m[2m)[22m[90m 29[2mms[22m[39m
 [32mÔ£ô[39m src/services/__tests__/ThrustBearingMaster.test.ts [2m ([22m[2m2 tests[22m[2m)[22m[90m 3[2mms[22m[39m
 [32mÔ£ô[39m src/services/__tests__/ShaftSealGuardian.test.ts [2m ([22m[2m2 tests[22m[2m)[22m[90m 3[2mms[22m[39m
 [32mÔ£ô[39m src/components/dashboard/__tests__/AssetPassportCard.test.tsx [2m ([22m[2m1 test[22m[2m)[22m[90m 2[2mms[22m[39m
[90mstdout[2m | src\services\supabaseClient.ts:62:17[22m[39m
[SupabaseClient] Ô£à Client created successfully

 [32mÔ£ô[39m src/__tests__/simple.test.ts [2m ([22m[2m1 test[22m[2m)[22m[90m 1[2mms[22m[39m
 [32mÔ£ô[39m src/services/__tests__/BaseGuardian.test.ts [2m ([22m[2m3 tests[22m[2m)[22m[90m 3[2mms[22m[39m
 [32mÔ£ô[39m src/__tests__/i18n.test.ts [2m ([22m[2m1 test[22m[2m)[22m[90m 4[2mms[22m[39m
 [32mÔ£ô[39m src/services/__tests__/TurbineClassifier.test.ts [2m ([22m[2m2 tests[22m[2m)[22m[90m 1[2mms[22m[39m
 [32mÔ£ô[39m src/services/__tests__/KaplanBladePhysics.test.ts [2m ([22m[2m4 tests[22m[2m)[22m[90m 1[2mms[22m[39m
[90mstdout[2m | src\i18n\index.ts:7:9[22m[39m
[i18n] ­ƒöº Starting bulletproof initialization...

[90mstdout[2m | src\i18n\index.ts:35:15[22m[39m
[i18n] Ôä╣´©Å  No saved language, using default: en

[90mstdout[2m | src\i18n\index.ts:48:9[22m[39m
[i18n] ­ƒÜÇ Initializing i18next with language: en

[90mstdout[2m | src\i18n\index.ts:80:11[22m[39m
[i18n] Ô£àÔ£àÔ£à i18next initialized successfully

[90mstdout[2m | src\i18n\index.ts:109:9[22m[39m
[i18n] Ô£à Module export ready

 [32mÔ£ô[39m src/services/__tests__/FleetOptimizer.test.ts [2m ([22m[2m6 tests[22m[2m)[22m[33m 3615[2mms[22m[39m
[90mstderr[2m | src/
components/dashboard/_
_tests__/QuickCalcCard
.test.tsx[2m > [22m
[2mQuickCalcCard 
Component[2m > 
[22m[2mrenders 
Francis-specific 
targets correctly 
(Runner Torque & 
Labyrinth)[22m[39m
ÔÜá´©Å React Router 
Future Flag Warning: 
React Router will 
begin wrapping state 
updates in `React.star
tTransition` in v7. 
You can use the 
`v7_startTransition` 
future flag to opt-in 
early. For more 
information, see https
://reactrouter.com/v6/
upgrading/future#v7_st
arttransition.
ÔÜá´©Å React Router 
Future Flag Warning: 
Relative route 
resolution within 
Splat routes is 
changing in v7. You 
can use the `v7_relati
veSplatPath` future 
flag to opt-in early. 
For more information, 
see https://reactroute
r.com/v6/upgrading/fut
ure#v7_relativesplatpa
th.

 [32mÔ£ô[39m src/components/dashboard/__tests__/QuickCalcCard.test.tsx [2m ([22m[2m4 tests[22m[2m)[22m[90m 51[2mms[22m[39m
[90mstderr[2m | src/
components/dashboard/_
_tests__/AssetPassport
Card_debug.test.tsx[2
m > [22m[2mAssetPass
portCard Debug[2m > 
[22m[2mshould 
render component 
without 
crashing[22m[39m
ÔÜá´©Å React Router 
Future Flag Warning: 
React Router will 
begin wrapping state 
updates in `React.star
tTransition` in v7. 
You can use the 
`v7_startTransition` 
future flag to opt-in 
early. For more 
information, see https
://reactrouter.com/v6/
upgrading/future#v7_st
arttransition.
ÔÜá´©Å React Router 
Future Flag Warning: 
Relative route 
resolution within 
Splat routes is 
changing in v7. You 
can use the `v7_relati
veSplatPath` future 
flag to opt-in early. 
For more information, 
see https://reactroute
r.com/v6/upgrading/fut
ure#v7_relativesplatpa
th.

 [32mÔ£ô[39m src/components/dashboard/__tests__/AssetPassportCard_debug.test.tsx [2m ([22m[2m1 test[22m[2m)[22m[90m 29[2mms[22m[39m
[90mstdout[2m | src/components/dashboard/__tests__/ProtocolLaunchpad.test.tsx[2m > [22m[2mProtocolLaunchpad Component[2m > [22m[2mgenerates report and creates Ledger entry when clicked[22m[39m
[ProtocolHistory] Logged: Shaft Alignment for Turbine A

 [32mÔ£ô[39m src/components/dashboard/__tests__/ProtocolLaunchpad.test.tsx [2m ([22m[2m5 tests[22m[2m)[22m[90m 202[2mms[22m[39m
 [32mÔ£ô[39m src/services/__tests__/CommissioningSimulation.test.ts [2m ([22m[2m1 test[22m[2m)[22m[90m 7[2mms[22m[39m
[90mstdout[2m | src/services/__tests__/CommissioningSimulation.test.ts[2m > [22m[2mCommissioning Simulation (24h)[2m > [22m[2mruns a 24-hour simulated cycle and persists wisdom[22m[39m
[MEMORY SAVE] ancestral_overrides
[MEMORY SAVE] ancestral_overrides
[MEMORY SAVE] wisdom_audit_log
Ô£à Analysis complete.Health score: 100/100

 [32mÔ£ô[39m src/services/__tests__/SovereignArchitectReflector.test.ts [2m ([22m[2m1 test[22m[2m)[22m[33m 1183[2mms[22m[39m
[90mstdout[2m | src/__tests__/stress_integrity.test.ts[2m > [22m[2mstress integrity: 1000 rapid state changes then snapback to #500[22m[39m
Journal recorded 1000 events, of which 1000 are state/telemetry updates.
Attempted snapback to id 1770559167596-eqop1c -> FAILED
Event drifting detected in journal sequence:  NO

 [32mÔ£ô[39m src/__tests__/stress_integrity.test.ts [2m ([22m[2m1 test[22m[2m)[22m[33m 5198[2mms[22m[39m

[2m Test Files [22m [1m[32m35 passed[39m[22m[90m (35)[39m
[2m      Tests [22m [1m[32m105 passed[39m[22m[90m (105)[39m
[2m   Start at [22m 14:59:20
[2m   Duration [22m 9.50s[2m (transform 4.16s, setup 7.86s, collect 25.81s, tests 10.86s, environment 78.04s, prepare 8.61s)[22m

[36mvite v5.4.21 [32mbuilding for production...[36m[39m
transforming...

/grid.svg referenced 
in /grid.svg didn't 
resolve at build 
time, it will remain 
unchanged to be 
resolved at runtime
[32mÔ£ô[39m 3704 modules transformed.
rendering chunks...
[1m[33m[plugin:vite:
reporter][39m[22m 
[33m[plugin 
vite:reporter] 
(!) C:/Users/Home/OneD
rive/getting started/D
ocuments/GitHub/anohub
sapp/src/services/Even
tJournal.ts is 
dynamically imported 
by C:/Users/Home/OneDr
ive/getting started/Do
cuments/GitHub/anohubs
app/src/features/telem
etry/store/useTelemetr
yStore.ts but also 
statically imported 
by C:/Users/Home/OneDr
ive/getting started/Do
cuments/GitHub/anohubs
app/src/components/Mai
ntenanceDashboard.tsx,
 C:/Users/Home/OneDriv
e/getting started/Docu
ments/GitHub/anohubsap
p/src/components/foren
sics/ForensicDashboard
.tsx, C:/Users/Home/On
eDrive/getting started
/Documents/GitHub/anoh
ubsapp/src/components/
maintenance/Maintenanc
eTimelineCard.tsx, C:/
Users/Home/OneDrive/ge
tting started/Document
s/GitHub/anohubsapp/sr
c/components/modals/Fo
rensicDeepDiveModal.ts
x, C:/Users/Home/OneDr
ive/getting started/Do
cuments/GitHub/anohubs
app/src/contexts/Proje
ctStateContext.tsx, C:
/Users/Home/OneDrive/g
etting started/Documen
ts/GitHub/anohubsapp/s
rc/contexts/TelemetryC
ontext.tsx, C:/Users/H
ome/OneDrive/getting s
tarted/Documents/GitHu
b/anohubsapp/src/servi
ces/LedgerService.ts, 
dynamic import will 
not move module into 
another chunk.
[39m
[1m[33m[plugin:vite:
reporter][39m[22m 
[33m[plugin 
vite:reporter] 
(!) C:/Users/Home/OneD
rive/getting started/D
ocuments/GitHub/anohub
sapp/src/services/Aler
tJournal.ts is 
dynamically imported 
by C:/Users/Home/OneDr
ive/getting started/Do
cuments/GitHub/anohubs
app/src/features/telem
etry/store/useTelemetr
yStore.ts but also 
statically imported 
by C:/Users/Home/OneDr
ive/getting started/Do
cuments/GitHub/anohubs
app/src/services/Foren
sicReportService.ts, C
:/Users/Home/OneDrive/
getting started/Docume
nts/GitHub/anohubsapp/
src/services/GridNegot
iator.ts, C:/Users/Hom
e/OneDrive/getting sta
rted/Documents/GitHub/
anohubsapp/src/service
s/LedgerService.ts, C:
/Users/Home/OneDrive/g
etting started/Documen
ts/GitHub/anohubsapp/s
rc/services/MqttBridge
.ts, C:/Users/Home/One
Drive/getting started/
Documents/GitHub/anohu
bsapp/src/utils/guarde
dAction.ts, dynamic 
import will not move 
module into another 
chunk.
[39m
computing gzip size...
[2mdist/[22m[32mindex.html                                   [39m[1m[2m    4.90 kB[22m[1m[22m[2m Ôöé gzip:     2.20 kB[22m
[2mdist/[22m[32massets/physics.worker-sLoIMfTQ.js            [39m[1m[2m   33.20 kB[22m[1m[22m
[2mdist/[22m[32massets/journal.worker-BaFDOqER.js            [39m[1m[2m  170.54 kB[22m[1m[22m
[2mdist/[22m[35massets/MaintenanceDashboard-Dk6Rg30G.css     [39m[1m[2m    4.91 kB[22m[1m[22m[2m Ôöé gzip:     1.48 kB[22m
[2mdist/[22m[35massets/leaflet-Dgihpmma.css                  [39m[1m[2m   15.04 kB[22m[1m[22m[2m Ôöé gzip:     6.38 kB[22m
[2mdist/[22m[35massets/index-Dug7crVU.css                    [39m[1m[2m  275.96 kB[22m[1m[22m[2m Ôöé gzip:    34.85 kB[22m
[2mdist/[22m[36massets/TurbineMath-DbmZodXt.js               [39m[1m[2m    0.29 kB[22m[1m[22m[2m Ôöé gzip:     0.23 kB[22m[2m Ôöé map:      1.77 kB[22m
[2mdist/[22m[36massets/filter-Cdx_h7Yc.js                    [39m[1m[2m    0.37 kB[22m[1m[22m[2m Ôöé gzip:     0.30 kB[22m[2m Ôöé map:      0.84 kB[22m
[2mdist/[22m[36massets/thermometer-cvm9TZ4V.js               [39m[1m[2m    0.38 kB[22m[1m[22m[2m Ôöé gzip:     0.30 kB[22m[2m Ôöé map:      0.86 kB[22m
[2mdist/[22m[36massets/arrow-right-BZHjf7Mt.js               [39m[1m[2m    0.38 kB[22m[1m[22m[2m Ôöé gzip:     0.30 kB[22m[2m Ôöé map:      0.93 kB[22m
[2mdist/[22m[36massets/gauge-BPXredF-.js                     [39m[1m[2m    0.39 kB[22m[1m[22m[2m Ôöé gzip:     0.31 kB[22m[2m Ôöé map:      0.91 kB[22m
[2mdist/[22m[36massets/octagon-BdJyeMFT.js                   [39m[1m[2m    0.40 kB[22m[1m[22m[2m Ôöé gzip:     0.30 kB[22m[2m Ôöé map:      0.90 kB[22m
[2mdist/[22m[36massets/eye-DrZKG-fW.js                       [39m[1m[2m    0.41 kB[22m[1m[22m[2m Ôöé gzip:     0.32 kB[22m[2m Ôöé map:      0.95 kB[22m
[2mdist/[22m[36massets/check-circle-BzFUEOh7.js              [39m[1m[2m    0.41 kB[22m[1m[22m[2m Ôöé gzip:     0.32 kB[22m[2m Ôöé map:      0.97 kB[22m
[2mdist/[22m[36massets/lock-CuKvWvkL.js                      [39m[1m[2m    0.42 kB[22m[1m[22m[2m Ôöé gzip:     0.33 kB[22m[2m Ôöé map:      1.00 kB[22m
[2mdist/[22m[36massets/map-pin-Rp4rbpai.js                   [39m[1m[2m    0.42 kB[22m[1m[22m[2m Ôöé gzip:     0.33 kB[22m[2m Ôöé map:      0.97 kB[22m
[2mdist/[22m[36massets/x-circle-CBc0vR6p.js                  [39m[1m[2m    0.42 kB[22m[1m[22m[2m Ôöé gzip:     0.32 kB[22m[2m Ôöé map:      1.04 kB[22m
[2mdist/[22m[36massets/trending-up-BVJ5S053.js               [39m[1m[2m    0.42 kB[22m[1m[22m[2m Ôöé gzip:     0.32 kB[22m[2m Ôöé map:      0.97 kB[22m
[2mdist/[22m[36massets/droplet-C_JPEsxz.js                   [39m[1m[2m    0.43 kB[22m[1m[22m[2m Ôöé gzip:     0.33 kB[22m[2m Ôöé map:      0.93 kB[22m
[2mdist/[22m[36massets/check-square-CeytIRyW.js              [39m[1m[2m    0.43 kB[22m[1m[22m[2m Ôöé gzip:     0.32 kB[22m[2m Ôöé map:      0.99 kB[22m
[2mdist/[22m[36massets/dollar-sign-DPaqptRN.js               [39m[1m[2m    0.44 kB[22m[1m[22m[2m Ôöé gzip:     0.33 kB[22m[2m Ôöé map:      1.03 kB[22m
[2mdist/[22m[36massets/library-Bw4wtg-8.js                   [39m[1m[2m    0.44 kB[22m[1m[22m[2m Ôöé gzip:     0.32 kB[22m[2m Ôöé map:      1.10 kB[22m
[2mdist/[22m[36massets/timer-5uelZLfk.js                     [39m[1m[2m    0.45 kB[22m[1m[22m[2m Ôöé gzip:     0.32 kB[22m[2m Ôöé map:      1.14 kB[22m
[2mdist/[22m[36massets/history-RNCiJsun.js                   [39m[1m[2m    0.45 kB[22m[1m[22m[2m Ôöé gzip:     0.33 kB[22m[2m Ôöé map:      1.04 kB[22m
[2mdist/[22m[36massets/globe-DxMbcfEa.js                     [39m[1m[2m    0.45 kB[22m[1m[22m[2m Ôöé gzip:     0.33 kB[22m[2m Ôöé map:      1.06 kB[22m
[2mdist/[22m[36massets/camera-D9z0m4Ci.js                    [39m[1m[2m    0.46 kB[22m[1m[22m[2m Ôöé gzip:     0.35 kB[22m[2m Ôöé map:      1.05 kB[22m
[2mdist/[22m[36massets/useTelemetrySubscription-Db5qb55L.js  [39m[1m[2m    0.46 kB[22m[1m[22m[2m Ôöé gzip:     0.34 kB[22m[2m Ôöé map:      2.08 kB[22m
[2mdist/[22m[36massets/guardedAction-f5rLWFYw.js             [39m[1m[2m    0.47 kB[22m[1m[22m[2m Ôöé gzip:     0.36 kB[22m[2m Ôöé map:      1.70 kB[22m
[2mdist/[22m[36massets/upload-CEXAN9wA.js                    [39m[1m[2m    0.47 kB[22m[1m[22m[2m Ôöé gzip:     0.36 kB[22m[2m Ôöé map:      1.10 kB[22m
[2mdist/[22m[36massets/calendar-D1fUuVqx.js                  [39m[1m[2m    0.47 kB[22m[1m[22m[2m Ôöé gzip:     0.34 kB[22m[2m Ôöé map:      1.19 kB[22m
[2mdist/[22m[36massets/volume-2-lGpeHWHn.js                  [39m[1m[2m    0.48 kB[22m[1m[22m[2m Ôöé gzip:     0.36 kB[22m[2m Ôöé map:      1.08 kB[22m
[2mdist/[22m[36massets/alert-triangle-Bc2UUR8q.js            [39m[1m[2m    0.49 kB[22m[1m[22m[2m Ôöé gzip:     0.35 kB[22m[2m Ôöé map:      1.15 kB[22m
[2mdist/[22m[36massets/alert-octagon-C6U5hBJX.js             [39m[1m[2m    0.53 kB[22m[1m[22m[2m Ôöé gzip:     0.36 kB[22m[2m Ôöé map:      1.26 kB[22m
[2mdist/[22m[36massets/skull-Cd3vq3W7.js                     [39m[1m[2m    0.57 kB[22m[1m[22m[2m Ôöé gzip:     0.39 kB[22m[2m Ôöé map:      1.32 kB[22m
[2mdist/[22m[36massets/crosshair-DJOHHhcd.js                 [39m[1m[2m    0.57 kB[22m[1m[22m[2m Ôöé gzip:     0.35 kB[22m[2m Ôöé map:      1.48 kB[22m
[2mdist/[22m[36massets/hard-hat-unakGcht.js                  [39m[1m[2m    0.57 kB[22m[1m[22m[2m Ôöé gzip:     0.37 kB[22m[2m Ôöé map:      1.27 kB[22m
[2mdist/[22m[36massets/snowflake-DbM2mQDO.js                 [39m[1m[2m    0.58 kB[22m[1m[22m[2m Ôöé gzip:     0.37 kB[22m[2m Ôöé map:      1.46 kB[22m
[2mdist/[22m[36massets/scale-DvyvuSC0.js                     [39m[1m[2m    0.58 kB[22m[1m[22m[2m Ôöé gzip:     0.38 kB[22m[2m Ôöé map:      1.29 kB[22m
[2mdist/[22m[36massets/microscope-Ku0JhoWo.js                [39m[1m[2m    0.60 kB[22m[1m[22m[2m Ôöé gzip:     0.39 kB[22m[2m Ôöé map:      1.40 kB[22m
[2mdist/[22m[36massets/ruler-tnCZ19uF.js                     [39m[1m[2m    0.61 kB[22m[1m[22m[2m Ôöé gzip:     0.38 kB[22m[2m Ôöé map:      1.36 kB[22m
[2mdist/[22m[36massets/eye-off-D1synhnD.js                   [39m[1m[2m    0.61 kB[22m[1m[22m[2m Ôöé gzip:     0.42 kB[22m[2m Ôöé map:      1.36 kB[22m
[2mdist/[22m[36massets/clipboard-list-DTSUhtCg.js            [39m[1m[2m    0.63 kB[22m[1m[22m[2m Ôöé gzip:     0.40 kB[22m[2m Ôöé map:      1.54 kB[22m
[2mdist/[22m[36massets/waves-B7jbW-EE.js                     [39m[1m[2m    0.64 kB[22m[1m[22m[2m Ôöé gzip:     0.35 kB[22m[2m Ôöé map:      1.32 kB[22m
[2mdist/[22m[36massets/Popup-BI-81Sx3.js                     [39m[1m[2m    0.67 kB[22m[1m[22m[2m Ôöé gzip:     0.40 kB[22m[2m Ôöé map:      2.88 kB[22m
[2mdist/[22m[36massets/OwnerLanding-CeALtEsi.js              [39m[1m[2m    0.74 kB[22m[1m[22m[2m Ôöé gzip:     0.42 kB[22m[2m Ôöé map:      1.36 kB[22m
[2mdist/[22m[36massets/save-CQFMoBpg.js                      [39m[1m[2m    0.78 kB[22m[1m[22m[2m Ôöé gzip:     0.42 kB[22m[2m Ôöé map:      1.77 kB[22m
[2mdist/[22m[36massets/useTheme-DWtUz4co.js                  [39m[1m[2m    0.81 kB[22m[1m[22m[2m Ôöé gzip:     0.38 kB[22m[2m Ôöé map:      3.43 kB[22m
[2mdist/[22m[36massets/MapModule-Bs4-3Kwe.js                 [39m[1m[2m    0.84 kB[22m[1m[22m[2m Ôöé gzip:     0.53 kB[22m[2m Ôöé map:      1.63 kB[22m
[2mdist/[22m[36massets/EngineerLanding-BUUs4uNZ.js           [39m[1m[2m    1.25 kB[22m[1m[22m[2m Ôöé gzip:     0.71 kB[22m[2m Ôöé map:      2.83 kB[22m
[2mdist/[22m[36massets/Skeleton-DywFn8Qz.js                  [39m[1m[2m    1.35 kB[22m[1m[22m[2m Ôöé gzip:     0.58 kB[22m[2m Ôöé map:      4.31 kB[22m
[2mdist/[22m[36massets/useDigitalLedger-CpsbDf3O.js          [39m[1m[2m    1.43 kB[22m[1m[22m[2m Ôöé gzip:     0.75 kB[22m[2m Ôöé map:      5.78 kB[22m
[2mdist/[22m[36massets/ModuleFallback-BqCYo1lZ.js            [39m[1m[2m    1.49 kB[22m[1m[22m[2m Ôöé gzip:     0.80 kB[22m[2m Ôöé map:      3.62 kB[22m
[2mdist/[22m[36massets/StatCard-DOLNtb_p.js                  [39m[1m[2m    1.71 kB[22m[1m[22m[2m Ôöé gzip:     0.75 kB[22m[2m Ôöé map:      4.19 kB[22m
[2mdist/[22m[36massets/AssetPicker-D1XmWzQ4.js               [39m[1m[2m    1.96 kB[22m[1m[22m[2m Ôöé gzip:     0.94 kB[22m[2m Ôöé map:      4.85 kB[22m
[2mdist/[22m[36massets/InfoTooltip-ptg9FFx7.js               [39m[1m[2m    2.01 kB[22m[1m[22m[2m Ôöé gzip:     0.97 kB[22m[2m Ôöé map:      6.91 kB[22m
[2mdist/[22m[36massets/TruthHeatmapDemo-DgLDaxFG.js          [39m[1m[2m    2.19 kB[22m[1m[22m[2m Ôöé gzip:     0.91 kB[22m[2m Ôöé map:      5.52 kB[22m
[2mdist/[22m[36massets/LiveMetricToken-D4phbsMA.js           [39m[1m[2m    2.33 kB[22m[1m[22m[2m Ôöé gzip:     1.16 kB[22m[2m Ôöé map:      6.37 kB[22m
[2mdist/[22m[36massets/SolutionArchitect-CjoXA3JC.js         [39m[1m[2m    2.44 kB[22m[1m[22m[2m Ôöé gzip:     1.24 kB[22m[2m Ôöé map:      7.53 kB[22m
[2mdist/[22m[36massets/NeuralPulse-B2pS6KQm.js               [39m[1m[2m    2.46 kB[22m[1m[22m[2m Ôöé gzip:     0.99 kB[22m[2m Ôöé map:      7.55 kB[22m
[2mdist/[22m[36massets/constants-SYrGbkOn.js                 [39m[1m[2m    2.47 kB[22m[1m[22m[2m Ôöé gzip:     1.14 kB[22m[2m Ôöé map:      9.73 kB[22m
[2mdist/[22m[36massets/SecondaryMetricsGrid-BeJxrvy3.js      [39m[1m[2m    2.73 kB[22m[1m[22m[2m Ôöé gzip:     1.20 kB[22m[2m Ôöé map:      6.99 kB[22m
[2mdist/[22m[36massets/MaintenanceRouter-BTE9WpJf.js         [39m[1m[2m    3.12 kB[22m[1m[22m[2m Ôöé gzip:     1.17 kB[22m[2m Ôöé map:      4.60 kB[22m
[2mdist/[22m[36massets/AssetTypeSelector-BiJVJ22q.js         [39m[1m[2m    3.30 kB[22m[1m[22m[2m Ôöé gzip:     1.56 kB[22m[2m Ôöé map:     10.28 kB[22m
[2mdist/[22m[36massets/InfrastructureHub-ClVnPXjH.js         [39m[1m[2m    3.44 kB[22m[1m[22m[2m Ôöé gzip:     1.51 kB[22m[2m Ôöé map:      6.79 kB[22m
[2mdist/[22m[36massets/marker-shadow-Dd2n2KBd.js             [39m[1m[2m    3.53 kB[22m[1m[22m[2m Ôöé gzip:     2.58 kB[22m[2m Ôöé map:      6.35 kB[22m
[2mdist/[22m[36massets/FleetOptimizer-DpDKIvq6.js            [39m[1m[2m    3.73 kB[22m[1m[22m[2m Ôöé gzip:     1.89 kB[22m[2m Ôöé map:     18.93 kB[22m
[2mdist/[22m[36massets/AdminApproval-eBJxoseq.js             [39m[1m[2m    3.84 kB[22m[1m[22m[2m Ôöé gzip:     1.60 kB[22m[2m Ôöé map:     10.59 kB[22m
[2mdist/[22m[36massets/ShiftLog-CMk5DiWn.js                  [39m[1m[2m    3.89 kB[22m[1m[22m[2m Ôöé gzip:     1.56 kB[22m[2m Ôöé map:      9.84 kB[22m
[2mdist/[22m[36massets/SOPViewer-Dy8PqfHP.js                 [39m[1m[2m    3.90 kB[22m[1m[22m[2m Ôöé gzip:     1.32 kB[22m[2m Ôöé map:      8.26 kB[22m
[2mdist/[22m[36massets/DatabaseSeeder-BBKUzlEC.js            [39m[1m[2m    3.99 kB[22m[1m[22m[2m Ôöé gzip:     1.73 kB[22m[2m Ôöé map:     16.98 kB[22m
[2mdist/[22m[36massets/MechanismDetailView-CEtVlpTu.js       [39m[1m[2m    4.56 kB[22m[1m[22m[2m Ôöé gzip:     1.90 kB[22m[2m Ôöé map:     12.70 kB[22m
[2mdist/[22m[36massets/TruthDeltaEngine-wuYKhF1c.js          [39m[1m[2m    4.57 kB[22m[1m[22m[2m Ôöé gzip:     1.62 kB[22m[2m Ôöé map:     15.23 kB[22m
[2mdist/[22m[36massets/ComponentLibrary-lFhLGv55.js          [39m[1m[2m    4.72 kB[22m[1m[22m[2m Ôöé gzip:     1.58 kB[22m[2m Ôöé map:     11.18 kB[22m
[2mdist/[22m[36massets/KaplanEngine-XheHIco-.js              [39m[1m[2m    4.78 kB[22m[1m[22m[2m Ôöé gzip:     2.34 kB[22m[2m Ôöé map:     21.68 kB[22m
[2mdist/[22m[36massets/BidEvaluator-sold4Y4l.js              [39m[1m[2m    5.06 kB[22m[1m[22m[2m Ôöé gzip:     1.97 kB[22m[2m Ôöé map:     14.02 kB[22m
[2mdist/[22m[36massets/RevenueImpactCard-7KB4LovG.js         [39m[1m[2m    5.20 kB[22m[1m[22m[2m Ôöé gzip:     2.08 kB[22m[2m Ôöé map:     21.15 kB[22m
[2mdist/[22m[36massets/ShaftOrbitPlot-CIzrqGMp.js            [39m[1m[2m    5.26 kB[22m[1m[22m[2m Ôöé gzip:     2.26 kB[22m[2m Ôöé map:     20.45 kB[22m
[2mdist/[22m[36massets/AgingEstimator-DzuTdynX.js            [39m[1m[2m    5.45 kB[22m[1m[22m[2m Ôöé gzip:     2.30 kB[22m[2m Ôöé map:     19.62 kB[22m
[2mdist/[22m[36massets/HydrologyLab-DxIDmmPx.js              [39m[1m[2m    5.60 kB[22m[1m[22m[2m Ôöé gzip:     2.04 kB[22m[2m Ôöé map:     16.00 kB[22m
[2mdist/[22m[36massets/TurbineFactory-B9yCrfQC.js            [39m[1m[2m    5.81 kB[22m[1m[22m[2m Ôöé gzip:     2.67 kB[22m[2m Ôöé map:     25.24 kB[22m
[2mdist/[22m[36massets/SealRecovery-CT7GAcv9.js              [39m[1m[2m    6.10 kB[22m[1m[22m[2m Ôöé gzip:     2.15 kB[22m[2m Ôöé map:     12.60 kB[22m
[2mdist/[22m[36massets/Manifesto-DrvWcocl.js                 [39m[1m[2m    6.27 kB[22m[1m[22m[2m Ôöé gzip:     1.44 kB[22m[2m Ôöé map:     13.03 kB[22m
[2mdist/[22m[36massets/HydraulicMaintenance-DIvL5__p.js      [39m[1m[2m    6.83 kB[22m[1m[22m[2m Ôöé gzip:     2.76 kB[22m[2m Ôöé map:     19.75 kB[22m
[2mdist/[22m[36massets/DrainagePumps-BuwV3-ey.js             [39m[1m[2m    6.85 kB[22m[1m[22m[2m Ôöé gzip:     1.97 kB[22m[2m Ôöé map:     14.73 kB[22m
[2mdist/[22m[36massets/RevitalizationStrategy-CsrSU0tW.js    [39m[1m[2m    6.88 kB[22m[1m[22m[2m Ôöé gzip:     1.91 kB[22m[2m Ôöé map:     15.05 kB[22m
[2mdist/[22m[36massets/GenderEquity-BHbpOC2N.js              [39m[1m[2m    6.94 kB[22m[1m[22m[2m Ôöé gzip:     1.91 kB[22m[2m Ôöé map:     16.79 kB[22m
[2mdist/[22m[36massets/UserProfile-CJsA1DLd.js               [39m[1m[2m    7.00 kB[22m[1m[22m[2m Ôöé gzip:     2.70 kB[22m[2m Ôöé map:     20.22 kB[22m
[2mdist/[22m[36massets/StandardOfExcellence-ZlKflMR1.js      [39m[1m[2m    7.10 kB[22m[1m[22m[2m Ôöé gzip:     2.29 kB[22m[2m Ôöé map:     16.98 kB[22m
[2mdist/[22m[36massets/ExecutiveSummary-BEvRFYdH.js          [39m[1m[2m    7.27 kB[22m[1m[22m[2m Ôöé gzip:     2.58 kB[22m[2m Ôöé map:     19.92 kB[22m
[2mdist/[22m[36massets/StartupFlowchart-gn-vxiM-.js          [39m[1m[2m    7.38 kB[22m[1m[22m[2m Ôöé gzip:     2.37 kB[22m[2m Ôöé map:     16.26 kB[22m
[2mdist/[22m[36massets/ContractManagement-BuBzZLcJ.js        [39m[1m[2m    7.42 kB[22m[1m[22m[2m Ôöé gzip:     2.48 kB[22m[2m Ôöé map:     17.82 kB[22m
[2mdist/[22m[36massets/BoltTorqueCalculator-BYm-3ZjH.js      [39m[1m[2m    7.44 kB[22m[1m[22m[2m Ôöé gzip:     2.57 kB[22m[2m Ôöé map:     22.05 kB[22m
[2mdist/[22m[36massets/Trans-BjPI1Jv0.js                     [39m[1m[2m    7.49 kB[22m[1m[22m[2m Ôöé gzip:     3.27 kB[22m[2m Ôöé map:     27.68 kB[22m
[2mdist/[22m[36massets/WaterHammer-Ca4szN5-.js               [39m[1m[2m    7.61 kB[22m[1m[22m[2m Ôöé gzip:     2.26 kB[22m[2m Ôöé map:     16.47 kB[22m
[2mdist/[22m[36massets/HPPImprovements-Dbb67tHW.js           [39m[1m[2m    7.84 kB[22m[1m[22m[2m Ôöé gzip:     2.73 kB[22m[2m Ôöé map:     22.44 kB[22m
[2mdist/[22m[36massets/ARManager-Colwzp63.js                 [39m[1m[2m    7.90 kB[22m[1m[22m[2m Ôöé gzip:     3.33 kB[22m[2m Ôöé map:     22.50 kB[22m
[2mdist/[22m[36massets/PopOutWindow-ByjNa-wq.js              [39m[1m[2m    7.97 kB[22m[1m[22m[2m Ôöé gzip:     2.48 kB[22m[2m Ôöé map:     17.94 kB[22m
[2mdist/[22m[36massets/RiskAssessment-BAA9V2wO.js            [39m[1m[2m    8.02 kB[22m[1m[22m[2m Ôöé gzip:     2.95 kB[22m[2m Ôöé map:     25.22 kB[22m
[2mdist/[22m[36massets/Intake-BR9yNxq4.js                    [39m[1m[2m    8.14 kB[22m[1m[22m[2m Ôöé gzip:     2.21 kB[22m[2m Ôöé map:     17.14 kB[22m
[2mdist/[22m[36massets/StructuralIntegrity-CO7KPrgN.js       [39m[1m[2m    8.22 kB[22m[1m[22m[2m Ôöé gzip:     2.55 kB[22m[2m Ôöé map:     18.20 kB[22m
[2mdist/[22m[36massets/DistributorSync-BfzkTYsF.js           [39m[1m[2m    8.42 kB[22m[1m[22m[2m Ôöé gzip:     2.27 kB[22m[2m Ôöé map:     17.81 kB[22m
[2mdist/[22m[36massets/DigitalIntroduction-D39ydn1a.js       [39m[1m[2m    8.45 kB[22m[1m[22m[2m Ôöé gzip:     2.61 kB[22m[2m Ôöé map:     15.85 kB[22m
[2mdist/[22m[36massets/InvestorBriefing-Cch28ohE.js          [39m[1m[2m    8.56 kB[22m[1m[22m[2m Ôöé gzip:     2.84 kB[22m[2m Ôöé map:     21.46 kB[22m
[2mdist/[22m[36massets/HydroschoolLanding-DcRNS6jp.js        [39m[1m[2m    8.58 kB[22m[1m[22m[2m Ôöé gzip:     3.03 kB[22m[2m Ôöé map:     24.06 kB[22m
[2mdist/[22m[36massets/LubricationSystem-CoPlTa4_.js         [39m[1m[2m    8.71 kB[22m[1m[22m[2m Ôöé gzip:     2.24 kB[22m[2m Ôöé map:     18.32 kB[22m
[2mdist/[22m[36massets/AdminHealth-Bz8pvWMt.js               [39m[1m[2m    8.76 kB[22m[1m[22m[2m Ôöé gzip:     3.32 kB[22m[2m Ôöé map:     28.53 kB[22m
[2mdist/[22m[36massets/AuxiliarySystems-DkmsS3HW.js          [39m[1m[2m    8.81 kB[22m[1m[22m[2m Ôöé gzip:     2.04 kB[22m[2m Ôöé map:     18.88 kB[22m
[2mdist/[22m[36massets/ThrustBalance-CclIuRjR.js             [39m[1m[2m    8.95 kB[22m[1m[22m[2m Ôöé gzip:     2.43 kB[22m[2m Ôöé map:     17.89 kB[22m
[2mdist/[22m[36massets/HPU-DpQuX6eF.js                       [39m[1m[2m    9.07 kB[22m[1m[22m[2m Ôöé gzip:     2.24 kB[22m[2m Ôöé map:     18.55 kB[22m
[2mdist/[22m[36massets/MaintenanceLogbook-D5Kf0JC7.js        [39m[1m[2m    9.19 kB[22m[1m[22m[2m Ôöé gzip:     2.66 kB[22m[2m Ôöé map:     27.02 kB[22m
[2mdist/[22m[36massets/LearningLab-vOy_2pus.js               [39m[1m[2m    9.32 kB[22m[1m[22m[2m Ôöé gzip:     3.02 kB[22m[2m Ôöé map:     24.23 kB[22m
[2mdist/[22m[36massets/PlantMaster-BNjcBfbF.js               [39m[1m[2m    9.50 kB[22m[1m[22m[2m Ôöé gzip:     2.82 kB[22m[2m Ôöé map:     25.16 kB[22m
[2mdist/[22m[36massets/BrakingSystem-Bf9fD_nO.js             [39m[1m[2m    9.53 kB[22m[1m[22m[2m Ôöé gzip:     2.37 kB[22m[2m Ôöé map:     19.67 kB[22m
[2mdist/[22m[36massets/DCSystems-BasUMSKj.js                 [39m[1m[2m    9.54 kB[22m[1m[22m[2m Ôöé gzip:     2.61 kB[22m[2m Ôöé map:     19.90 kB[22m
[2mdist/[22m[36massets/Coupling-D1R-EMCK.js                  [39m[1m[2m    9.64 kB[22m[1m[22m[2m Ôöé gzip:     2.35 kB[22m[2m Ôöé map:     19.58 kB[22m
[2mdist/[22m[36massets/GridSync-D0tmqLqP.js                  [39m[1m[2m    9.76 kB[22m[1m[22m[2m Ôöé gzip:     2.66 kB[22m[2m Ôöé map:     20.87 kB[22m
[2mdist/[22m[36massets/LoadRejectionLogic-BmnITWoe.js        [39m[1m[2m    9.84 kB[22m[1m[22m[2m Ôöé gzip:     2.72 kB[22m[2m Ôöé map:     20.30 kB[22m
[2mdist/[22m[36massets/GlobalMap-BdFWxyeI.js                 [39m[1m[2m    9.87 kB[22m[1m[22m[2m Ôöé gzip:     3.02 kB[22m[2m Ôöé map:     24.11 kB[22m
[2mdist/[22m[36massets/ElectricalHealth-ar-YNLWc.js          [39m[1m[2m   10.02 kB[22m[1m[22m[2m Ôöé gzip:     2.83 kB[22m[2m Ôöé map:     21.49 kB[22m
[2mdist/[22m[36massets/HPPForge-BgXgyLH3.js                  [39m[1m[2m   10.05 kB[22m[1m[22m[2m Ôöé gzip:     3.30 kB[22m[2m Ôöé map:     27.19 kB[22m
[2mdist/[22m[36massets/CathodicProtection-bnMyHMQY.js        [39m[1m[2m   10.11 kB[22m[1m[22m[2m Ôöé gzip:     2.61 kB[22m[2m Ôöé map:     21.17 kB[22m
[2mdist/[22m[36massets/GeneratorIntegrity-B1cjzlR_.js        [39m[1m[2m   10.57 kB[22m[1m[22m[2m Ôöé gzip:     2.65 kB[22m[2m Ôöé map:     21.61 kB[22m
[2mdist/[22m[36massets/CoolingWater-C1-8FRPP.js              [39m[1m[2m   10.89 kB[22m[1m[22m[2m Ôöé gzip:     2.76 kB[22m[2m Ôöé map:     22.94 kB[22m
[2mdist/[22m[36massets/VortexControl-uOcHqHYm.js             [39m[1m[2m   11.06 kB[22m[1m[22m[2m Ôöé gzip:     2.94 kB[22m[2m Ôöé map:     23.16 kB[22m
[2mdist/[22m[36massets/PrecisionAudit-BMXJ1bqt.js            [39m[1m[2m   11.19 kB[22m[1m[22m[2m Ôöé gzip:     3.71 kB[22m[2m Ôöé map:     31.65 kB[22m
[2mdist/[22m[36massets/FrancisRouter-CxcAY12w.js             [39m[1m[2m   11.30 kB[22m[1m[22m[2m Ôöé gzip:     3.19 kB[22m[2m Ôöé map:     19.08 kB[22m
[2mdist/[22m[36massets/RegulatingRing-BgqsEWO5.js            [39m[1m[2m   11.39 kB[22m[1m[22m[2m Ôöé gzip:     2.57 kB[22m[2m Ôöé map:     22.64 kB[22m
[2mdist/[22m[36massets/ForensicLab-Dhp2j8Km.js               [39m[1m[2m   11.49 kB[22m[1m[22m[2m Ôöé gzip:     3.79 kB[22m[2m Ôöé map:     37.59 kB[22m
[2mdist/[22m[36massets/Excitation-DOMWIROT.js                [39m[1m[2m   11.51 kB[22m[1m[22m[2m Ôöé gzip:     3.22 kB[22m[2m Ôöé map:     25.76 kB[22m
[2mdist/[22m[36massets/Transformer-BMCG51aX.js               [39m[1m[2m   11.51 kB[22m[1m[22m[2m Ôöé gzip:     2.96 kB[22m[2m Ôöé map:     25.02 kB[22m
[2mdist/[22m[36massets/Linkage-DDyScQeV.js                   [39m[1m[2m   11.61 kB[22m[1m[22m[2m Ôöé gzip:     2.85 kB[22m[2m Ôöé map:     23.73 kB[22m
[2mdist/[22m[36massets/EmergencyProtocols-C1Ib_TJd.js        [39m[1m[2m   11.74 kB[22m[1m[22m[2m Ôöé gzip:     2.93 kB[22m[2m Ôöé map:     24.21 kB[22m
[2mdist/[22m[36massets/InstallationGuarantee-C3j_r702.js     [39m[1m[2m   11.77 kB[22m[1m[22m[2m Ôöé gzip:     3.79 kB[22m[2m Ôöé map:     32.67 kB[22m
[2mdist/[22m[36massets/MIVDetail-DlMFw3Hb.js                 [39m[1m[2m   11.88 kB[22m[1m[22m[2m Ôöé gzip:     2.78 kB[22m[2m Ôöé map:     26.12 kB[22m
[2mdist/[22m[36massets/EngineeringDossierCard-uj7Qnv8G.js    [39m[1m[2m   11.98 kB[22m[1m[22m[2m Ôöé gzip:     3.77 kB[22m[2m Ôöé map:     34.85 kB[22m
[2mdist/[22m[36massets/DigitalIntegrity-CQUUjYXJ.js          [39m[1m[2m   12.06 kB[22m[1m[22m[2m Ôöé gzip:     4.14 kB[22m[2m Ôöé map:     33.57 kB[22m
[2mdist/[22m[36massets/QuestionnaireSummary-DK83dKnQ.js      [39m[1m[2m   12.11 kB[22m[1m[22m[2m Ôöé gzip:     4.15 kB[22m[2m Ôöé map:     31.47 kB[22m
[2mdist/[22m[36massets/SpecializedDiagnostics-Bm-uOseu.js    [39m[1m[2m   12.36 kB[22m[1m[22m[2m Ôöé gzip:     4.76 kB[22m[2m Ôöé map:     41.77 kB[22m
[2mdist/[22m[36massets/FrancisHorizontal5MW-CpTJWqzB.js      [39m[1m[2m   12.42 kB[22m[1m[22m[2m Ôöé gzip:     4.28 kB[22m[2m Ôöé map:     39.06 kB[22m
[2mdist/[22m[36massets/RiverWildlife-BDr4BY-V.js             [39m[1m[2m   12.85 kB[22m[1m[22m[2m Ôöé gzip:     2.72 kB[22m[2m Ôöé map:     26.27 kB[22m
[2mdist/[22m[36massets/BearingsDetail-B2GI8ug3.js            [39m[1m[2m   13.05 kB[22m[1m[22m[2m Ôöé gzip:     3.24 kB[22m[2m Ôöé map:     28.15 kB[22m
[2mdist/[22m[36massets/Penstock-D1ugo4Wc.js                  [39m[1m[2m   13.28 kB[22m[1m[22m[2m Ôöé gzip:     3.30 kB[22m[2m Ôöé map:     29.13 kB[22m
[2mdist/[22m[36massets/GovernorPID-BdvABgoo.js               [39m[1m[2m   13.40 kB[22m[1m[22m[2m Ôöé gzip:     3.42 kB[22m[2m Ôöé map:     30.35 kB[22m
[2mdist/[22m[36massets/VibrationAnalyzer-Dr_4wZ02.js         [39m[1m[2m   13.43 kB[22m[1m[22m[2m Ôöé gzip:     4.66 kB[22m[2m Ôöé map:     42.24 kB[22m
[2mdist/[22m[36massets/TurbineDetail-74AJM00o.js             [39m[1m[2m   14.45 kB[22m[1m[22m[2m Ôöé gzip:     4.48 kB[22m[2m Ôöé map:     27.90 kB[22m
[2mdist/[22m[36massets/RiskReport-D0DcooTj.js                [39m[1m[2m   14.47 kB[22m[1m[22m[2m Ôöé gzip:     4.76 kB[22m[2m Ôöé map:     44.94 kB[22m
[2mdist/[22m[36massets/MissionControl-F3mApgL0.js            [39m[1m[2m   14.81 kB[22m[1m[22m[2m Ôöé gzip:     4.19 kB[22m[2m Ôöé map:     36.14 kB[22m
[2mdist/[22m[36massets/FrancisHub-DTRC-xzk.js                [39m[1m[2m   15.53 kB[22m[1m[22m[2m Ôöé gzip:     5.05 kB[22m[2m Ôöé map:     46.13 kB[22m
[2mdist/[22m[36massets/OilHealth-B9aH-J_U.js                 [39m[1m[2m   15.97 kB[22m[1m[22m[2m Ôöé gzip:     3.49 kB[22m[2m Ôöé map:     34.05 kB[22m
[2mdist/[22m[36massets/CommandCenter-D_G2OzAS.js             [39m[1m[2m   16.09 kB[22m[1m[22m[2m Ôöé gzip:     5.47 kB[22m[2m Ôöé map:     44.76 kB[22m
[2mdist/[22m[36massets/PrintPreviewModal-CSLBRDEC.js         [39m[1m[2m   18.93 kB[22m[1m[22m[2m Ôöé gzip:     5.44 kB[22m[2m Ôöé map:     52.30 kB[22m
[2mdist/[22m[36massets/ShaftAlignment-Civ2mXPh.js            [39m[1m[2m   19.81 kB[22m[1m[22m[2m Ôöé gzip:     5.90 kB[22m[2m Ôöé map:     53.71 kB[22m
[2mdist/[22m[36massets/ExpertDossierRegistry-NXfxSqzK.js     [39m[1m[2m   20.63 kB[22m[1m[22m[2m Ôöé gzip:     4.97 kB[22m[2m Ôöé map:      0.11 kB[22m
[2mdist/[22m[36massets/purify.es-BIqS8gfI.js                 [39m[1m[2m   21.92 kB[22m[1m[22m[2m Ôöé gzip:     8.73 kB[22m[2m Ôöé map:     93.43 kB[22m
[2mdist/[22m[36massets/ToolboxLaunchpad-WvbTJx6X.js          [39m[1m[2m   23.39 kB[22m[1m[22m[2m Ôöé gzip:     5.15 kB[22m[2m Ôöé map:     48.16 kB[22m
[2mdist/[22m[36massets/SOPManager-xvXqE4QR.js                [39m[1m[2m   24.74 kB[22m[1m[22m[2m Ôöé gzip:     8.54 kB[22m[2m Ôöé map:     70.73 kB[22m
[2mdist/[22m[36massets/HPPBuilder-DlPTzCqu.js                [39m[1m[2m   25.88 kB[22m[1m[22m[2m Ôöé gzip:     8.14 kB[22m[2m Ôöé map:     79.30 kB[22m
[2mdist/[22m[36massets/ForensicDashboard-D6SYBg8w.js         [39m[1m[2m   29.22 kB[22m[1m[22m[2m Ôöé gzip:     9.08 kB[22m[2m Ôöé map:     85.26 kB[22m
[2mdist/[22m[36massets/ForensicReportService-FnvltjwE.js     [39m[1m[2m   33.83 kB[22m[1m[22m[2m Ôöé gzip:     6.98 kB[22m[2m Ôöé map:     53.06 kB[22m
[2mdist/[22m[36massets/TechnicalPassport-BaZvXtS8.js         [39m[1m[2m   90.42 kB[22m[1m[22m[2m Ôöé gzip:    30.21 kB[22m[2m Ôöé map:    331.58 kB[22m
[2mdist/[22m[36massets/ExecutiveDashboard-Bzc0z3-b.js        [39m[1m[2m  139.96 kB[22m[1m[22m[2m Ôöé gzip:    37.29 kB[22m[2m Ôöé map:    485.89 kB[22m
[2mdist/[22m[36massets/index.es-CCb1HqPg.js                  [39m[1m[2m  150.33 kB[22m[1m[22m[2m Ôöé gzip:    51.44 kB[22m[2m Ôöé map:    642.15 kB[22m
[2mdist/[22m[36massets/leaflet-CGjdu2IB.js                   [39m[1m[2m  153.04 kB[22m[1m[22m[2m Ôöé gzip:    44.65 kB[22m[2m Ôöé map:    701.64 kB[22m
[2mdist/[22m[36massets/MaintenanceDashboard-Ew7dkRSt.js      [39m[1m[2m  164.77 kB[22m[1m[22m[2m Ôöé gzip:    45.33 kB[22m[2m Ôöé map:    575.54 kB[22m
[2mdist/[22m[36massets/html2canvas.esm-C3fx88d4.js           [39m[1m[2m  200.97 kB[22m[1m[22m[2m Ôöé gzip:    47.95 kB[22m[2m Ôöé map:    601.56 kB[22m
[2mdist/[22m[36massets/jspdf.es.min-Dq6Af2eX.js              [39m[1m[2m  357.76 kB[22m[1m[22m[2m Ôöé gzip:   118.05 kB[22m[2m Ôöé map:    951.72 kB[22m
[2mdist/[22m[36massets/TurbineRunner3D-BDE8AaaO.js           [39m[1m[2m  860.30 kB[22m[1m[22m[2m Ôöé gzip:   236.95 kB[22m[2m Ôöé map:  2,968.45 kB[22m
[2mdist/[22m[36massets/index-DqVjpAOQ.js                     [39m[1m[2m4,904.06 kB[22m[1m[22m[2m Ôöé gzip: 1,441.35 kB[22m[2m Ôöé map: 19,130.45 kB[22m
[32mÔ£ô built in 23.26s[39m
