
> anohub-hpp-risk-excellence-platform@1.0.0 test C:\Users\Home\OneDrive\getting started\Documents\GitHub\anohubsapp
> vitest run "src/__tests__/turbine-math.test.ts"

node.exe : 
[33m[7m[33m Vitest 
[33m[27m 
"deps.inline" is 
deprecated. If you 
rely on vite-node 
directly, use 
"server.deps.inline" 
instead. Otherwise, 
consider using "deps.o
ptimizer.web.include"
[39m
At C:\Users\Home\AppDa
ta\Roaming\npm\pnpm.ps
1:24 char:5
+     & "node$exe"  "$
basedir/node_modules/p
npm/bin/pnpm.cjs" 
$args
+     ~~~~~~~~~~~~~~~~
~~~~~~~~~~~~~~~~~~~~~~
~~~~~~~~~~~~~~~~~~~~~~
~
    + CategoryInfo    
          : 
NotSpecified    : 
([33m[7m[33m .    
..b.include"[39m:S   
 tring) [], RemoteEx  
  ception
    + 
FullyQualifiedErr    
orId : NativeComman   
 dError
 

[7m[1m[36m RUN [39m[22m[27m [36mv1.6.1[39m [90mC:/Users/Home/OneDrive/getting started/Documents/GitHub/anohubsapp[39m

 [33mÔØ»[39m src/__tests__/turbine-math.test.ts [2m ([22m[2m3 tests[22m [2m|[22m [31m3 failed[39m[2m)[22m[90m 4[2mms[22m[39m
[31m   [33mÔØ»[31m src/__tests__/turbine-math.test.ts[2m > [22mTurbine Engineering Math Precision Audit[2m > [22mshould validate Francis Turbine (150m, 30m┬│/s) with extreme precision[39m
[31m     ÔåÆ powerW.div(...).toDecimalPlaces is not a function[39m
[31m   [33mÔØ»[31m src/__tests__/turbine-math.test.ts[2m > [22mTurbine Engineering Math Precision Audit[2m > [22mshould validate Kaplan Turbine (25m, 100m┬│/s) with extreme precision[39m
[31m     ÔåÆ powerW.div(...).toDecimalPlaces is not a function[39m
[31m   [33mÔØ»[31m src/__tests__/turbine-math.test.ts[2m > [22mTurbine Engineering Math Precision Audit[2m > [22mshould validate Pelton Turbine (600m, 5m┬│/s) with extreme precision[39m
[31m     ÔåÆ powerW.div(...).toDecimalPlaces is not a function[39m

[31mÔÄ»ÔÄ»ÔÄ»ÔÄ»ÔÄ»ÔÄ
»ÔÄ»[1m[7m Failed 
Tests 3 [27m[22mÔÄ»Ô
Ä»ÔÄ»ÔÄ»ÔÄ»ÔÄ»ÔÄ»[39m

[31m[1m[7m FAIL 
[27m[22m[39m src/__
tests__/turbine-math.t
est.ts[2m > 
[22mTurbine 
Engineering Math 
Precision Audit[2m > 
[22mshould validate 
Francis Turbine 
(150m, 30m┬│/s) with 
extreme precision
[31m[1mTypeError[22
m: powerW.div(...).toD
ecimalPlaces is not a 
function[39m
[36m [2mÔØ»[22m Fra
ncisEngine.calculatePo
wer src/lib/engines/Ba
seEngine.ts:[2m22:38
[22m[39m
    [90m 20| [39m   
     [35mconst[39m 
eta [33m=[39m 
[35mnew[39m [33mDec
imal[39m(efficiency)
[33m.[39m[34mdiv[39
m([34m100[39m)[33m;
[39m
    [90m 21| [39m   
     [35mconst[39m 
powerW [33m=[39m [3
5mthis[39m[33m.[39m
[33mWATER_DENSITY[39
m[33m.[39m[34mmul[
39m([35mthis[39m[33
m.[39m[33mG[39m)[3
3m.[39m[34mmul[39m(
h)[33m.[39m[34mmul
[39m(q)[33m.[39m[34
mmu[39mÔÇª
    [90m 22| [39m   
     [35mreturn[39m 
powerW[33m.[39m[34m
div[39m([34m1_000_00
0[39m)[33m.[39m[34
mtoDecimalPlaces[39m(
[34m3[39m)[33m.[39
m[34mtoNumber[39m()
[33m;[39m
    [90m   | [39m   
                      
            
[31m^[39m
    [90m 23| [39m   
 }
    [90m 24| [39m
[90m [2mÔØ»[22m src
/__tests__/turbine-mat
h.test.ts:[2m17:32[2
2m[39m

[31m[2mÔÄ»ÔÄ»ÔÄ»ÔÄ»Ô
Ä»ÔÄ»ÔÄ»ÔÄ»ÔÄ»ÔÄ»ÔÄ»ÔÄ
»ÔÄ»ÔÄ»ÔÄ»ÔÄ»ÔÄ»ÔÄ»ÔÄ»
ÔÄ»ÔÄ»ÔÄ»ÔÄ»ÔÄ»[1/3]ÔÄ
»[22m[39m

[31m[1m[7m FAIL 
[27m[22m[39m src/__
tests__/turbine-math.t
est.ts[2m > 
[22mTurbine 
Engineering Math 
Precision Audit[2m > 
[22mshould validate 
Kaplan Turbine (25m, 
100m┬│/s) with 
extreme precision
[31m[1mTypeError[22
m: powerW.div(...).toD
ecimalPlaces is not a 
function[39m
[36m [2mÔØ»[22m Kap
lanEngine.calculatePow
er src/lib/engines/Bas
eEngine.ts:[2m22:38[
22m[39m
    [90m 20| [39m   
     [35mconst[39m 
eta [33m=[39m 
[35mnew[39m [33mDec
imal[39m(efficiency)
[33m.[39m[34mdiv[39
m([34m100[39m)[33m;
[39m
    [90m 21| [39m   
     [35mconst[39m 
powerW [33m=[39m [3
5mthis[39m[33m.[39m
[33mWATER_DENSITY[39
m[33m.[39m[34mmul[
39m([35mthis[39m[33
m.[39m[33mG[39m)[3
3m.[39m[34mmul[39m(
h)[33m.[39m[34mmul
[39m(q)[33m.[39m[34
mmu[39mÔÇª
    [90m 22| [39m   
     [35mreturn[39m 
powerW[33m.[39m[34m
div[39m([34m1_000_00
0[39m)[33m.[39m[34
mtoDecimalPlaces[39m(
[34m3[39m)[33m.[39
m[34mtoNumber[39m()
[33m;[39m
    [90m   | [39m   
                      
            
[31m^[39m
    [90m 23| [39m   
 }
    [90m 24| [39m
[90m [2mÔØ»[22m src
/__tests__/turbine-mat
h.test.ts:[2m36:32[2
2m[39m

[31m[2mÔÄ»ÔÄ»ÔÄ»ÔÄ»Ô
Ä»ÔÄ»ÔÄ»ÔÄ»ÔÄ»ÔÄ»ÔÄ»ÔÄ
»ÔÄ»ÔÄ»ÔÄ»ÔÄ»ÔÄ»ÔÄ»ÔÄ»
ÔÄ»ÔÄ»ÔÄ»ÔÄ»ÔÄ»[2/3]ÔÄ
»[22m[39m

[31m[1m[7m FAIL 
[27m[22m[39m src/__
tests__/turbine-math.t
est.ts[2m > 
[22mTurbine 
Engineering Math 
Precision Audit[2m > 
[22mshould validate 
Pelton Turbine (600m, 
5m┬│/s) with extreme 
precision
[31m[1mTypeError[22
m: powerW.div(...).toD
ecimalPlaces is not a 
function[39m
[36m [2mÔØ»[22m Pel
tonEngine.calculatePow
er src/lib/engines/Bas
eEngine.ts:[2m22:38[
22m[39m
    [90m 20| [39m   
     [35mconst[39m 
eta [33m=[39m 
[35mnew[39m [33mDec
imal[39m(efficiency)
[33m.[39m[34mdiv[39
m([34m100[39m)[33m;
[39m
    [90m 21| [39m   
     [35mconst[39m 
powerW [33m=[39m [3
5mthis[39m[33m.[39m
[33mWATER_DENSITY[39
m[33m.[39m[34mmul[
39m([35mthis[39m[33
m.[39m[33mG[39m)[3
3m.[39m[34mmul[39m(
h)[33m.[39m[34mmul
[39m(q)[33m.[39m[34
mmu[39mÔÇª
    [90m 22| [39m   
     [35mreturn[39m 
powerW[33m.[39m[34m
div[39m([34m1_000_00
0[39m)[33m.[39m[34
mtoDecimalPlaces[39m(
[34m3[39m)[33m.[39
m[34mtoNumber[39m()
[33m;[39m
    [90m   | [39m   
                      
            
[31m^[39m
    [90m 23| [39m   
 }
    [90m 24| [39m
[90m [2mÔØ»[22m src
/__tests__/turbine-mat
h.test.ts:[2m54:32[2
2m[39m

[31m[2mÔÄ»ÔÄ»ÔÄ»ÔÄ»Ô
Ä»ÔÄ»ÔÄ»ÔÄ»ÔÄ»ÔÄ»ÔÄ»ÔÄ
»ÔÄ»ÔÄ»ÔÄ»ÔÄ»ÔÄ»ÔÄ»ÔÄ»
ÔÄ»ÔÄ»ÔÄ»ÔÄ»ÔÄ»[3/3]ÔÄ
»[22m[39m

[2m Test Files [22m [1m[31m1 failed[39m[22m[90m (1)[39m
[2m      Tests [22m [1m[31m3 failed[39m[22m[90m (3)[39m
[2m   Start at [22m 00:49:56
[2m   Duration [22m 1.44s[2m (transform 72ms, setup 111ms, collect 63ms, tests 4ms, environment 607ms, prepare 109ms)[22m

ÔÇëELIFECYCLEÔÇë Test failed. See above for more details.
