src/components/dashboard/ProtocolLaunchpad.tsx(98,52): error TS2551: Property 'generateFieldAuditReport' does not exist on type 'typeof ForensicReportService'. Did you mean 'generateAuditReport'?
src/components/dashboard/ProtocolLaunchpad.tsx(160,72): error TS2345: Argument of type '{ contextTitle: string; slogan: string; metrics: { label: string; value: string; }[]; diagnostics: { type: string; message: any; }[]; logs: never[]; physicsData: never[]; engineerName: string; t: TFunction<"translation", undefined>; ledgerId: string; }' is not assignable to parameter of type 'TechnicalAuditData'.
  Type '{ contextTitle: string; slogan: string; metrics: { label: string; value: string; }[]; diagnostics: { type: string; message: any; }[]; logs: never[]; physicsData: never[]; engineerName: string; t: TFunction<"translation", undefined>; ledgerId: string; }' is missing the following properties from type 'TechnicalAuditData': assetDetails, executiveSummary, siteConditions, hydraulics, and 2 more.
src/components/digital-twin/AssetOnboardingWizard.tsx(79,13): error TS2345: Argument of type 'string' is not assignable to parameter of type 'number'.
src/components/digital-twin/AssetOnboardingWizard.tsx(111,22): error TS2339: Property 'francisAdvanced' does not exist on type 'AssetIdentity'.
src/components/digital-twin/AssetOnboardingWizard.tsx(136,87): error TS2339: Property 'francisAdvanced' does not exist on type 'AssetIdentity'.
src/components/digital-twin/AssetOnboardingWizard.tsx(137,22): error TS2339: Property 'francisAdvanced' does not exist on type 'AssetIdentity'.
src/components/digital-twin/AssetOnboardingWizard.tsx(138,22): error TS2339: Property 'francisAdvanced' does not exist on type 'AssetIdentity'.
src/components/ExecutiveDashboard.tsx(219,75): error TS2345: Argument of type 'number | null' is not assignable to parameter of type 'string | (() => string | null) | null'.
  Type 'number' is not assignable to type 'string | (() => string | null) | null'.
src/components/ExecutiveDashboard.tsx(227,51): error TS2367: This comparison appears to be unintentional because the types 'number' and 'string | null' have no overlap.
src/components/forensics/AlignmentWizard.tsx(64,42): error TS2551: Property 'setAlignment' does not exist on type 'TelemetryState'. Did you mean 'alignment'?
src/components/forensics/AlignmentWizard.tsx(164,40): error TS2322: Type 'RunoutPoint[]' is not assignable to type '{ angle: number; runout: number; }[]'.
  Property 'runout' is missing in type 'RunoutPoint' but required in type '{ angle: number; runout: number; }'.
src/components/forensics/ForensicDashboard.stories.tsx(1,37): error TS2307: Cannot find module '@storybook/react' or its corresponding type declarations.
src/components/forensics/ForensicDashboard.stories.tsx(22,6): error TS7006: Parameter 'Story' implicitly has an 'any' type.
src/components/francis/FrancisHub.tsx(133,24): error TS2339: Property 'francis' does not exist on type 'TechnicalProjectState'.
src/components/francis/FrancisHub.tsx(134,34): error TS2339: Property 'francis' does not exist on type 'TechnicalProjectState'.
src/components/francis/FrancisHub.tsx(135,32): error TS2339: Property 'francis' does not exist on type 'TechnicalProjectState'.
src/components/francis/FrancisHub.tsx(139,36): error TS2339: Property 'francis' does not exist on type 'TechnicalProjectState'.
src/components/francis/FrancisHub.tsx(211,13): error TS2322: Type '"UPDATE_FRANCIS_MODULE"' is not assignable to type '"UPDATE_HYDRAULIC" | "UPDATE_MECHANICAL" | "UPDATE_PENSTOCK" | "SET_ASSET" | "UPDATE_COMPONENT_HEALTH" | "UPDATE_SPECIALIZED_MODULE" | "UPDATE_TELEMETRY_SUCCESS" | "UPDATE_VIBRATION_HISTORY" | ... 12 more ... | "RESET_TO_DEMO"'.
src/components/FrancisDiagnostics.tsx(66,13): error TS2322: Type 'string' is not assignable to type 'number'.
src/components/FrancisDiagnostics.tsx(67,13): error TS2820: Type '"francis"' is not assignable to type 'TurbineFamily'. Did you mean '"FRANCIS"'?
src/components/InvestorBriefing.tsx(95,67): error TS2345: Argument of type '{ assetName: string; incidentType: string; deviation: string; timestamp: string; t: TFunction<"translation", undefined>; }' is not assignable to parameter of type 'IncidentReportData'.
  Property 'status' is missing in type '{ assetName: string; incidentType: string; deviation: string; timestamp: string; t: TFunction<"translation", undefined>; }' but required in type 'IncidentReportData'.
src/components/scada/LearningLab.tsx(2,26): error TS2305: Module '"../../utils/SentinelKernel"' has no exported member 'SENTINEL_PATTERNS'.
src/components/scada/ScadaMimic.tsx(66,51): error TS2339: Property 'charCodeAt' does not exist on type 'number'.
src/components/TechnicalAuditReportModule.tsx(59,64): error TS2345: Argument of type '{ contextTitle: string; slogan: string; metrics: ({ label: string; value: string; } | { label: string; value: number; unit: string; })[]; diagnostics: { message: string; }[]; logs: never[]; physicsData: never[]; engineerName: string; t: TFunction<...>; }' is not assignable to parameter of type 'TechnicalAuditData'.
  Type '{ contextTitle: string; slogan: string; metrics: ({ label: string; value: string; } | { label: string; value: number; unit: string; })[]; diagnostics: { message: string; }[]; logs: never[]; physicsData: never[]; engineerName: string; t: TFunction<...>; }' is missing the following properties from type 'TechnicalAuditData': assetDetails, executiveSummary, siteConditions, hydraulics, and 2 more.
src/features/telemetry/store/useTelemetryStore.ts(164,5): error TS2300: Duplicate identifier 'fleet'.
src/features/telemetry/store/useTelemetryStore.ts(280,5): error TS2300: Duplicate identifier 'fleet'.
src/features/telemetry/store/useTelemetryStore.ts(280,5): error TS2717: Subsequent property declarations must have the same type.  Property 'fleet' must be of type 'PlantStatus[]', but here has type 'Record<string, any>'.
src/features/telemetry/store/useTelemetryStore.ts(322,23): error TS2739: Type '{ hydraulic: HydraulicStream; mechanical: MechanicalStream; physics: {}; diagnosis: null; fluidIntelligence: FluidIntelligence; ... 65 more ...; dispose: () => void; }' is missing the following properties from type 'TelemetryState': alignment, units
src/services/ExpertDiagnosisEngine.ts(372,44): error TS2339: Property 'francisAdvanced' does not exist on type 'AssetIdentity'.
src/services/ExpertDiagnosisEngine.ts(373,30): error TS2339: Property 'francisAdvanced' does not exist on type 'AssetIdentity'.
src/services/ExpertDiagnosisEngine.ts(373,85): error TS2339: Property 'francisAdvanced' does not exist on type 'AssetIdentity'.
src/services/ExpertDiagnosisEngine.ts(379,47): error TS2339: Property 'francisAdvanced' does not exist on type 'AssetIdentity'.
src/services/ExpertDiagnosisEngine.ts(381,31): error TS2339: Property 'francisAdvanced' does not exist on type 'AssetIdentity'.
src/services/ExpertDiagnosisEngine.ts(382,31): error TS2339: Property 'francisAdvanced' does not exist on type 'AssetIdentity'.
